[backblue.gif]
[fade.gif]
[index.html]
[localhost/feed/index.html]
[localhost/comments/feed/index.html]
[localhost/wp-includes/js/jquery/jquery4a5f.js]
[localhost/wp-content/themes/conscam/js/responsiveslides.mind03b.js]
[localhost/wp-content/themes/conscam/js/maind03b.js]
[localhost/wp-content/themes/conscam/js/fancybox/jquery.fancyboxd03b.js]
[localhost/wp-content/themes/conscam/js/jquery.easing.1.3d03b.js]
[localhost/wp-json/wp/v2/pages/37.json]
[localhost/wp-json/index.html]
[localhost/xmlrpc0db0.php]
[localhost/wp-includes/wlwmanifest.xml]
[localhost/wp-content/themes/conscam/images/logo.png]
[localhost/wp-content/uploads/2020/09/BannerGeralVivant.jpg]
[localhost/wp-content/uploads/2020/09/BannerLazerVivant.jpg]
[localhost/wp-content/uploads/2020/09/reverse.png]
[localhost/wp-content/uploads/2020/09/01_fachada_varandas-02-1.jpg]
[localhost/wp-content/uploads/2020/09/Miniatura_Pleno.jpg]
[localhost/wp-content/uploads/2020/09/destaque.16.delayed]
[localhost/wp-content/themes/conscam/js/navigation66f2.js]
[localhost/wp-includes/js/wp-embed.mind03b.js]
[localhost/index.html]
[localhost/xmlrpc.php]
[localhost/wp-includes/css/dist/block-library/style.mind03b.css]
[localhost/wp-includes/css/dist/block-library/theme.mind03b.css]
[localhost/wp-content/themes/conscam/images/bgNavSlider.png]
[localhost/wp-content/themes/conscam/images/icoLupa.png]
[localhost/wp-content/themes/conscam/images/bgItemEmpreendimento.png]
[localhost/wp-content/themes/conscam/images/bgItemEmpreendimentoInterna.png]
[localhost/wp-content/themes/conscam/images/icoLI.gif]
[localhost/wp-content/themes/conscam/images/botaoBaixePDF.png]
[localhost/wp-content/themes/conscam/images/bgSaibaMaisTel.png]
[localhost/wp-content/themes/conscam/images/box_shadow_med.png]
[localhost/wp-content/themes/conscam/images/fundo_footer.jpg]
[localhost/wp-content/themes/conscam/images/tel_footer.png]
[localhost/wp-content/themes/conscam/style8d89.css]
[localhost/wp-content/themes/conscam/css/blocks5d71.css]
[localhost/wp-content/themes/conscam/js/fancybox/fancybox_sprite.png]
[localhost/wp-content/themes/conscam/js/fancybox/fancybox_loading.gif]
[localhost/wp-content/themes/conscam/js/fancybox/blank.gif]
[localhost/wp-content/themes/conscam/js/fancybox/jquery.fancybox99d8.css]
[localhost/wp-content/themes/conscam/js/fancybox/fancybox_overlay.png]
[localhost/wp-json/oembed/1.0/embed1408.html]
[localhost/wp-json/oembed/1.0/embed7e56.html]
[localhost/wp-json/wp/v2/pages/13.json]
[localhost/empresa/index.html]
[localhost/wp-content/themes/conscam/images/headerNossasPalavras.jpg]
[localhost/wp-content/uploads/2020/09/minilogodrummond.jpg]
[localhost/wp-content/uploads/2020/09/Miniatura_Solaris.jpg]
[localhost/wp-content/uploads/2020/09/Miniatura_Contemporaneo.jpg]
[localhost/wp-content/uploads/2020/09/Miniatura_Mio.jpg]
[localhost/empreendimentos/index.html]
[localhost/wp-json/wp/v2/pages/17.json]
[localhost/contato/index.html]
[localhost/wp-json/wp/v2/posts/337.json]
[localhost/empreendimento/reverse/feed/index.html]
[localhost/wp-content/uploads/2020/09/reverse_logo.png]
[localhost/wp-content/uploads/2020/09/BookReverseV4.pdf]
[localhost/wp-content/uploads/2020/09/01_fachada_varandas-02.jpg]
[localhost/wp-content/uploads/2020/09/03-bicicletario-final_.jpg]
[localhost/wp-content/uploads/2020/09/04_fitness_final_.jpg]
[localhost/wp-content/uploads/2020/09/05-area-externa-final_.jpg]
[localhost/wp-content/uploads/2020/09/06-playground-final_-1.jpg]
[localhost/wp-content/uploads/2020/09/07_churrasqueira_04-final_.jpg]
[localhost/wp-content/uploads/2020/09/08-brinquedoteca-final__.jpg]
[localhost/wp-content/uploads/2020/09/1-Reverse_Col1_ATUAL_Alteracao-varanda-copia.jpg]
[localhost/wp-content/uploads/2020/09/2-Reverse_Col2_ATUAL_Alteracao-varanda-copia.jpg]
[localhost/wp-content/uploads/2020/09/3-Reverse_Col3_ATUAL_Alteracao-varanda-copia.jpg]
[localhost/wp-content/uploads/2020/09/4-Reverse_Col4_ATUAL_Alteracao-varanda-copia.jpg]
[localhost/wp-content/uploads/2020/09/5-Reverse_Col5_ATUAL_Alteracao-varanda-copia.jpg]
[localhost/wp-content/uploads/2020/09/6-Reverse_Col6_ATUAL_Alteracao-varanda-copia.jpg]
[localhost/empreendimento/reverse/index.html]
[localhost/wp-json/wp/v2/posts/193.json]
[localhost/empreendimento/pleno/feed/index.html]
[localhost/wp-content/uploads/2020/09/Pleno.jpg]
[localhost/wp-content/uploads/2020/09/Destaque4.jpg]
[localhost/wp-content/uploads/2020/09/Lobby-2.jpg]
[localhost/wp-content/uploads/2020/09/Portaria1-1.jpg]
[localhost/wp-content/uploads/2020/09/Portaria-Lojas-1.jpg]
[localhost/wp-content/uploads/2020/09/Fachada1-3.jpg]
[localhost/wp-content/uploads/2020/09/Suite-1.jpg]
[localhost/wp-content/uploads/2020/09/Sala-de-Estar-1.jpg]
[localhost/wp-content/uploads/2020/09/Brinquedoteca-1.jpg]
[localhost/wp-content/uploads/2020/09/Fitness1-1.jpg]
[localhost/wp-content/uploads/2020/09/Miniquadra-1.jpg]
[localhost/wp-content/uploads/2020/09/Pergolado-1.jpg]
[localhost/wp-content/uploads/2020/09/Piscina-1.jpg]
[localhost/wp-content/uploads/2020/09/Playground1-1.jpg]
[localhost/wp-content/uploads/2020/09/Praca-Zen-1.jpg]
[localhost/wp-content/uploads/2020/09/Repouso-1.jpg]
[localhost/wp-content/uploads/2020/09/Salao-de-Festas1-1.jpg]
[localhost/wp-content/uploads/2020/09/Salao-de-Jogos-1.jpg]
[localhost/wp-content/uploads/2020/09/Space-Grill1-1.jpg]
[localhost/wp-content/uploads/2020/09/Apartamento-101-1.jpg]
[localhost/wp-content/uploads/2020/09/Apartamento-102-1.jpg]
[localhost/wp-content/uploads/2020/09/Apartamento-103-1.jpg]
[localhost/wp-content/uploads/2020/09/Apartamento-104-a-1704-1.jpg]
[localhost/wp-content/uploads/2020/09/Apartamento-105-a-1705-1.jpg]
[localhost/wp-content/uploads/2020/09/Apartamento-106-a-1706-1.jpg]
[localhost/wp-content/uploads/2020/09/Apartamento-201-a-1701-1.jpg]
[localhost/wp-content/uploads/2020/09/Apartamento-202-a-1702-1.jpg]
[localhost/wp-content/uploads/2020/09/Apartamento-203-a-1703-1.jpg]
[localhost/wp-content/uploads/2020/09/PUC1-1.jpg]
[localhost/wp-content/uploads/2020/09/Vagas-G11-1.jpg]
[localhost/wp-content/uploads/2020/09/Vagas-G21-1.jpg]
[localhost/empreendimento/pleno/index.html]
[localhost/wp-content/uploads/2020/09/Vagas-Terreo1-1.jpg]
[localhost/wp-json/wp/v2/posts/154.json]
[localhost/empreendimento/vivant/feed/index.html]
[localhost/wp-content/uploads/2020/09/1429019711Vivant_BookPortal.pdf]
[localhost/wp-content/uploads/2020/09/DestaqueVivant.jpg]
[localhost/wp-content/uploads/2020/09/Portaria_Vivant.jpg]
[localhost/wp-content/uploads/2020/09/Lobby_Vivant.jpg]
[localhost/wp-content/uploads/2020/09/FachadaAerea_Vivant.jpg]
[localhost/wp-content/uploads/2020/09/Fachada_Vivant.jpg]
[localhost/wp-content/uploads/2020/09/Academia_Vivant.jpg]
[localhost/wp-content/uploads/2020/09/Brinquedoteca_Vivant.jpg]
[localhost/wp-content/uploads/2020/09/Festas_Vivant.jpg]
[localhost/wp-content/uploads/2020/09/Jogos_Vivant.jpg]
[localhost/wp-content/uploads/2020/09/Miniquadra_Vivant.jpg]
[localhost/wp-content/uploads/2020/09/Pergolado_Vivant.jpg]
[localhost/wp-content/uploads/2020/09/Pilates_Vivant.jpg]
[localhost/wp-content/uploads/2020/09/Piscina_Vivant.jpg]
[localhost/wp-content/uploads/2020/09/Playground_Vivant.jpg]
[localhost/wp-content/uploads/2020/09/SalaoExterno_Vivant.jpg]
[localhost/wp-content/uploads/2020/09/Apartamento-101-2.jpg]
[localhost/wp-content/uploads/2020/09/Apartamento-102-2.jpg]
[localhost/wp-content/uploads/2020/09/Apartamento-103-2.jpg]
[localhost/wp-content/uploads/2020/09/Apartamento-104-1.jpg]
[localhost/wp-content/uploads/2020/09/Apartamento-201-a-1501.jpg]
[localhost/wp-content/uploads/2020/09/Apartamento-202-a-1502.jpg]
[localhost/wp-content/uploads/2020/09/Apartamento-203-a-1503.jpg]
[localhost/wp-content/uploads/2020/09/Apartamento-204-a-1504.jpg]
[localhost/wp-content/uploads/2020/09/PUC.jpg]
[localhost/wp-content/uploads/2020/09/Subsolo.jpg]
[localhost/wp-content/uploads/2020/09/Terreo.jpg]
[localhost/wp-content/uploads/2020/09/Vagas-G1.jpg]
[localhost/wp-content/uploads/2020/09/Vagas-G2.jpg]
[localhost/empreendimento/vivant/index.html]
[localhost/wp-json/wp/v2/pages/171.json]
[localhost/trabalhe-conosco/index.html]
[localhost/wp-content/themes/conscam/images/arrow.svg]
[localhost/index2dc4.html]
[localhost/wp-json/oembed/1.0/embedd188.html]
[localhost/wp-json/oembed/1.0/embede1a6.html]
[localhost/wp-content/themes/conscam/bootstrap-grid-only.css]
[localhost/empreendimento/drummond/feed/index.html]
[localhost/wp-json/wp/v2/posts/195.json]
[localhost/wp-content/uploads/2020/09/loho.jpg]
[localhost/wp-content/uploads/2020/09/capadrummond.jpg]
[localhost/wp-content/uploads/2020/09/Espaco-Zen_R0_ATUAL.jpg]
[localhost/wp-content/uploads/2020/09/Fitness_R1_ATUAL.jpg]
[localhost/wp-content/uploads/2020/09/Lanhouse_R0_ATUAL.jpg]
[localhost/wp-content/uploads/2020/09/Lazer_R1_ATUAL.jpg]
[localhost/wp-content/uploads/2020/09/Portaria_R1_ATUAL.jpg]
[localhost/wp-content/uploads/2020/09/Salao-Festas_R0_ATUAL.jpg]
[localhost/wp-content/uploads/2020/09/Sala_R1_ATUAL.jpg]
[localhost/wp-content/uploads/2020/09/Space-Grill_R0_ATUAL.jpg]
[localhost/wp-content/uploads/2020/09/Suite_R0_ATUAL.jpg]
[localhost/wp-content/uploads/2020/09/Planta-Baixa-TIPO-COL-01_R0_ATUAL.jpg]
[localhost/wp-content/uploads/2020/09/Vagas-G1_R0_ATUAL.jpg]
[localhost/wp-content/uploads/2020/09/Vagas-G2_R0_ATUAL.jpg]
[localhost/wp-content/uploads/2020/09/Vagas-Terreo_R0_ATUAL.jpg]
[localhost/empreendimento/drummond/index.html]
[localhost/wp-json/wp/v2/posts/188.json]
[localhost/empreendimento/solaris/feed/index.html]
[localhost/wp-content/uploads/2020/09/Logo_Solaris.jpg]
[localhost/wp-content/uploads/2020/09/Lobby2.jpg]
[localhost/wp-content/uploads/2020/09/Portaria6.jpg]
[localhost/wp-content/uploads/2020/09/Fachada5.jpg]
[localhost/wp-content/uploads/2020/09/Living2.jpg]
[localhost/wp-content/uploads/2020/09/Quarto1.jpg]
[localhost/wp-content/uploads/2020/09/Suite3.jpg]
[localhost/wp-content/uploads/2020/09/Varanda-com-Churrasqueira1.jpg]
[localhost/wp-content/uploads/2020/09/Fitness4.jpg]
[localhost/wp-content/uploads/2020/09/Lan-House.jpg]
[localhost/wp-content/uploads/2020/09/Playground3.jpg]
[localhost/wp-content/uploads/2020/09/Salao-de-Festas4.jpg]
[localhost/wp-content/uploads/2020/09/Solarium.jpg]
[localhost/wp-content/uploads/2020/09/Space-Grill3.jpg]
[localhost/wp-content/uploads/2020/09/Apartamento-101-a-1001.jpg]
[localhost/wp-content/uploads/2020/09/Apartamento-102-a-1002.jpg]
[localhost/wp-content/uploads/2020/09/Apartamento-203-a-1003.jpg]
[localhost/wp-content/uploads/2020/09/Apartamento-204-a-1004.jpg]
[localhost/wp-content/uploads/2020/09/Apartamento-1032.jpg]
[localhost/wp-content/uploads/2020/09/Apartamento-1041.jpg]
[localhost/wp-content/uploads/2020/09/PUC4.jpg]
[localhost/wp-content/uploads/2020/09/Vagas.jpg]
[localhost/empreendimento/solaris/index.html]
[localhost/wp-json/wp/v2/posts/168.b8.delayed]
[localhost/empreendimento/contemporaneo/feed/index.html]
[localhost/wp-content/uploads/2020/09/Logo_Contemporaneo.jpg]
[localhost/wp-content/uploads/2020/09/Portaria2.jpg]
[localhost/wp-content/uploads/2020/09/Lobby1-1.jpg]
[localhost/wp-content/uploads/2020/09/Portaria5.jpg]
[localhost/wp-content/uploads/2020/09/Fachada-fundos.jpg]
[localhost/wp-content/uploads/2020/09/Fachada4.jpg]
[localhost/wp-content/uploads/2020/09/Living1.jpg]
[localhost/wp-content/uploads/2020/09/Suite2.jpg]
[localhost/wp-content/uploads/2020/09/Varanda-com-Churrasqueira.jpg]
[localhost/wp-content/uploads/2020/09/Brinquedoteca1.jpg]
[localhost/wp-content/uploads/2020/09/Fitness3.jpg]
[localhost/wp-content/uploads/2020/09/Pergolado1.jpg]
[localhost/wp-content/uploads/2020/09/Piscina2.jpg]
[localhost/wp-content/uploads/2020/09/Playground2.jpg]
[localhost/wp-content/uploads/2020/09/Salao-de-Festas3.jpg]
[localhost/wp-content/uploads/2020/09/Salao-de-Jogos1.jpg]
[localhost/wp-content/uploads/2020/09/Space-Grill2.jpg]
[localhost/wp-content/uploads/2020/09/Apartamento-104.jpg]
[localhost/wp-content/uploads/2020/09/Apartamento-201.jpg]
[localhost/wp-content/uploads/2020/09/Apartamento-202.jpg]
[localhost/wp-content/uploads/2020/09/Apartamento-203-a-17031.jpg]
[localhost/wp-content/uploads/2020/09/Apartamento-204.jpg]
[localhost/wp-content/uploads/2020/09/Apartamento-304-a-1704.jpg]
[localhost/wp-content/uploads/2020/09/Apartamento-1011.jpg]
[localhost/wp-content/uploads/2020/09/Apartamento-1021.jpg]
[localhost/wp-content/uploads/2020/09/Apartamento-1031.jpg]
[localhost/empreendimento/contemporaneo/index.html]
[localhost/wp-content/uploads/2020/09/PUC3.jpg]
[localhost/wp-json/wp/v2/posts/166.json]
[localhost/empreendimento/mio/feed/index.html]
[localhost/wp-content/uploads/2020/09/Logo.jpg]
[localhost/wp-content/uploads/2020/09/6_1350579466_fachada_final.jpg]
[localhost/wp-content/uploads/2020/09/6_1350579466_fachada_final1.jpg]
[localhost/wp-content/uploads/2020/09/6_1350579486_churrasqueira_final.jpg]
[localhost/wp-content/uploads/2020/09/6_1350579518_play_ground_final.jpg]
[localhost/wp-content/uploads/2020/09/6_1350579592_tipo_01.jpg]
[localhost/wp-content/uploads/2020/09/6_1350579615_tipo_02.jpg]
[localhost/wp-content/uploads/2020/09/6_1350579764_tipo_03.jpg]
[localhost/empreendimento/mio/index.html]
[localhost/indexd8eb.html]
[localhost/wp-json/oembed/1.0/embedb436.html]
[localhost/wp-json/oembed/1.0/embed0a3e.html]
[localhost/indexf6a9.html]
[localhost/wp-json/oembed/1.0/embed778f.html]
[localhost/wp-json/oembed/1.0/embedccbd.html]
[localhost/wp-content/uploads/2020/09/6_1350579792_tipo_04.jpg]
[localhost/index28c5.html]
[localhost/wp-json/oembed/1.0/embed0b4e.html]
[localhost/wp-json/oembed/1.0/embed942d.html]
[localhost/indexa828.html]
[localhost/wp-json/oembed/1.0/embed43f8.html]
[localhost/wp-json/oembed/1.0/embed82db.html]
[localhost/index78d6.html]
[localhost/wp-json/oembed/1.0/embed4105.html]
[localhost/wp-json/oembed/1.0/embedef45.html]
[localhost/index9e8b.html]
[localhost/wp-json/oembed/1.0/embed0e49.html]
[localhost/wp-json/oembed/1.0/embed2cb7.html]
[localhost/indexada0.html]
[localhost/wp-json/oembed/1.0/embed7b47.html]
[localhost/wp-json/oembed/1.0/embed1152.html]
[localhost/index8e01.html]
[localhost/wp-json/oembed/1.0/embed271d.html]
[localhost/wp-json/oembed/1.0/embede31f.html]
[localhost/wp-content/uploads/2020/09/Vivant.jpg]
[localhost/wp-json/wp/v2/posts/124.json]
[localhost/empreendimento/domum/feed/index.html]
[localhost/wp-content/uploads/2020/09/logo_domum.jpg]
[localhost/wp-content/uploads/2020/09/capa_domum.jpg]
[localhost/wp-content/uploads/2020/09/fachada.jpg]
[localhost/wp-content/uploads/2020/09/Portaria.jpg]
[localhost/wp-content/uploads/2020/09/Recepcao.jpg]
[localhost/wp-content/uploads/2020/09/Quarto.jpg]
[localhost/wp-content/uploads/2020/09/Living.jpg]
[localhost/wp-content/uploads/2020/09/Space-Grill.jpg]
[localhost/wp-content/uploads/2020/09/Salao-de-Festas.jpg]
[localhost/wp-content/uploads/2020/09/Playground.jpg]
[localhost/wp-content/uploads/2020/09/Fitness.jpg]
[localhost/wp-content/uploads/2020/09/Plantas-103-a-1103.jpg]
[localhost/wp-content/uploads/2020/09/Plantas-102-a-1102.jpg]
[localhost/wp-content/uploads/2020/09/Mapa-de-Colunas.jpg]
[localhost/empreendimento/domum/index.html]
[localhost/index87e6.html]
[localhost/wp-json/oembed/1.0/embed1a0c]
[localhost/wp-json/oembed/1.0/embedb200]
[localhost/indexd4a6.html]
[localhost/wp-json/oembed/1.0/embed4a61.html]
[localhost/wp-json/oembed/1.0/embedbad4.html]
